<?xml version="1.0"?>
<link_info>
   <banner>TI ARM Linker PC v5.1.5</banner>
   <copyright>Copyright (c) 1996-2014 Texas Instruments Incorporated</copyright>
   <link_time>0x53e5e4f3</link_time>
   <link_errors>0x0</link_errors>
   <output_file>IMU_ROV.out</output_file>
   <entry_point>
      <name>_c_int00</name>
      <address>0x7229</address>
   </entry_point>
   <input_file_list>
      <input_file id="fl-2">
         <path>.\Matlab\</path>
         <kind>object</kind>
         <file>rt_nonfinite.obj</file>
         <name>rt_nonfinite.obj</name>
      </input_file>
      <input_file id="fl-3">
         <path>.\Matlab\</path>
         <kind>object</kind>
         <file>rt_atan232_snf.obj</file>
         <name>rt_atan232_snf.obj</name>
      </input_file>
      <input_file id="fl-4">
         <path>.\Matlab\</path>
         <kind>object</kind>
         <file>rtGetNaN.obj</file>
         <name>rtGetNaN.obj</name>
      </input_file>
      <input_file id="fl-5">
         <path>.\Matlab\</path>
         <kind>object</kind>
         <file>rtGetInf.obj</file>
         <name>rtGetInf.obj</name>
      </input_file>
      <input_file id="fl-6">
         <path>.\Matlab\</path>
         <kind>object</kind>
         <file>Kalman_Sim_data.obj</file>
         <name>Kalman_Sim_data.obj</name>
      </input_file>
      <input_file id="fl-7">
         <path>.\Matlab\</path>
         <kind>object</kind>
         <file>Kalman_Sim.obj</file>
         <name>Kalman_Sim.obj</name>
      </input_file>
      <input_file id="fl-8">
         <path>.\Source\</path>
         <kind>object</kind>
         <file>My_Timer.obj</file>
         <name>My_Timer.obj</name>
      </input_file>
      <input_file id="fl-9">
         <path>.\Source\</path>
         <kind>object</kind>
         <file>My_Init.obj</file>
         <name>My_Init.obj</name>
      </input_file>
      <input_file id="fl-a">
         <path>.\Source\</path>
         <kind>object</kind>
         <file>My_I2C.obj</file>
         <name>My_I2C.obj</name>
      </input_file>
      <input_file id="fl-b">
         <path>.\Source\</path>
         <kind>object</kind>
         <file>Magneto.obj</file>
         <name>Magneto.obj</name>
      </input_file>
      <input_file id="fl-c">
         <path>.\Source\</path>
         <kind>object</kind>
         <file>Gyro.obj</file>
         <name>Gyro.obj</name>
      </input_file>
      <input_file id="fl-d">
         <path>.\Source\</path>
         <kind>object</kind>
         <file>Accelerometer.obj</file>
         <name>Accelerometer.obj</name>
      </input_file>
      <input_file id="fl-e">
         <path>.\</path>
         <kind>object</kind>
         <file>uartstdio.obj</file>
         <name>uartstdio.obj</name>
      </input_file>
      <input_file id="fl-f">
         <path>.\</path>
         <kind>object</kind>
         <file>tm4c123gh6pm_startup_ccs.obj</file>
         <name>tm4c123gh6pm_startup_ccs.obj</name>
      </input_file>
      <input_file id="fl-10">
         <path>.\</path>
         <kind>object</kind>
         <file>main.obj</file>
         <name>main.obj</name>
      </input_file>
      <input_file id="fl-13e">
         <path>E:\Install\ti\ccsv6\tools\compiler\arm_5.1.5\lib\</path>
         <kind>archive</kind>
         <file>rtsv7M4_T_le_v4SPD16_eabi.lib</file>
         <name>asin.obj</name>
      </input_file>
      <input_file id="fl-13f">
         <path>E:\Install\ti\ccsv6\tools\compiler\arm_5.1.5\lib\</path>
         <kind>archive</kind>
         <file>rtsv7M4_T_le_v4SPD16_eabi.lib</file>
         <name>atan2.obj</name>
      </input_file>
      <input_file id="fl-140">
         <path>E:\Install\ti\ccsv6\tools\compiler\arm_5.1.5\lib\</path>
         <kind>archive</kind>
         <file>rtsv7M4_T_le_v4SPD16_eabi.lib</file>
         <name>boot.obj</name>
      </input_file>
      <input_file id="fl-141">
         <path>E:\Install\ti\ccsv6\tools\compiler\arm_5.1.5\lib\</path>
         <kind>archive</kind>
         <file>rtsv7M4_T_le_v4SPD16_eabi.lib</file>
         <name>copy_decompress_none.obj</name>
      </input_file>
      <input_file id="fl-142">
         <path>E:\Install\ti\ccsv6\tools\compiler\arm_5.1.5\lib\</path>
         <kind>archive</kind>
         <file>rtsv7M4_T_le_v4SPD16_eabi.lib</file>
         <name>copy_decompress_rle.obj</name>
      </input_file>
      <input_file id="fl-143">
         <path>E:\Install\ti\ccsv6\tools\compiler\arm_5.1.5\lib\</path>
         <kind>archive</kind>
         <file>rtsv7M4_T_le_v4SPD16_eabi.lib</file>
         <name>copy_zero_init.obj</name>
      </input_file>
      <input_file id="fl-144">
         <path>E:\Install\ti\ccsv6\tools\compiler\arm_5.1.5\lib\</path>
         <kind>archive</kind>
         <file>rtsv7M4_T_le_v4SPD16_eabi.lib</file>
         <name>cos.obj</name>
      </input_file>
      <input_file id="fl-145">
         <path>E:\Install\ti\ccsv6\tools\compiler\arm_5.1.5\lib\</path>
         <kind>archive</kind>
         <file>rtsv7M4_T_le_v4SPD16_eabi.lib</file>
         <name>exit.obj</name>
      </input_file>
      <input_file id="fl-146">
         <path>E:\Install\ti\ccsv6\tools\compiler\arm_5.1.5\lib\</path>
         <kind>archive</kind>
         <file>rtsv7M4_T_le_v4SPD16_eabi.lib</file>
         <name>fd_add_t2.obj</name>
      </input_file>
      <input_file id="fl-147">
         <path>E:\Install\ti\ccsv6\tools\compiler\arm_5.1.5\lib\</path>
         <kind>archive</kind>
         <file>rtsv7M4_T_le_v4SPD16_eabi.lib</file>
         <name>fd_cmp_t2.obj</name>
      </input_file>
      <input_file id="fl-148">
         <path>E:\Install\ti\ccsv6\tools\compiler\arm_5.1.5\lib\</path>
         <kind>archive</kind>
         <file>rtsv7M4_T_le_v4SPD16_eabi.lib</file>
         <name>fd_div_t2.obj</name>
      </input_file>
      <input_file id="fl-149">
         <path>E:\Install\ti\ccsv6\tools\compiler\arm_5.1.5\lib\</path>
         <kind>archive</kind>
         <file>rtsv7M4_T_le_v4SPD16_eabi.lib</file>
         <name>fd_mul_t2.obj</name>
      </input_file>
      <input_file id="fl-14a">
         <path>E:\Install\ti\ccsv6\tools\compiler\arm_5.1.5\lib\</path>
         <kind>archive</kind>
         <file>rtsv7M4_T_le_v4SPD16_eabi.lib</file>
         <name>fd_toi_t2.obj</name>
      </input_file>
      <input_file id="fl-14b">
         <path>E:\Install\ti\ccsv6\tools\compiler\arm_5.1.5\lib\</path>
         <kind>archive</kind>
         <file>rtsv7M4_T_le_v4SPD16_eabi.lib</file>
         <name>fd_tos_t2.obj</name>
      </input_file>
      <input_file id="fl-14c">
         <path>E:\Install\ti\ccsv6\tools\compiler\arm_5.1.5\lib\</path>
         <kind>archive</kind>
         <file>rtsv7M4_T_le_v4SPD16_eabi.lib</file>
         <name>fs_tod_t2.obj</name>
      </input_file>
      <input_file id="fl-14d">
         <path>E:\Install\ti\ccsv6\tools\compiler\arm_5.1.5\lib\</path>
         <kind>archive</kind>
         <file>rtsv7M4_T_le_v4SPD16_eabi.lib</file>
         <name>i_tofd_t2.obj</name>
      </input_file>
      <input_file id="fl-14e">
         <path>E:\Install\ti\ccsv6\tools\compiler\arm_5.1.5\lib\</path>
         <kind>archive</kind>
         <file>rtsv7M4_T_le_v4SPD16_eabi.lib</file>
         <name>memcpy_t2.obj</name>
      </input_file>
      <input_file id="fl-14f">
         <path>E:\Install\ti\ccsv6\tools\compiler\arm_5.1.5\lib\</path>
         <kind>archive</kind>
         <file>rtsv7M4_T_le_v4SPD16_eabi.lib</file>
         <name>memset_t2.obj</name>
      </input_file>
      <input_file id="fl-150">
         <path>E:\Install\ti\ccsv6\tools\compiler\arm_5.1.5\lib\</path>
         <kind>archive</kind>
         <file>rtsv7M4_T_le_v4SPD16_eabi.lib</file>
         <name>sin.obj</name>
      </input_file>
      <input_file id="fl-151">
         <path>E:\Install\ti\ccsv6\tools\compiler\arm_5.1.5\lib\</path>
         <kind>archive</kind>
         <file>rtsv7M4_T_le_v4SPD16_eabi.lib</file>
         <name>sqrt.obj</name>
      </input_file>
      <input_file id="fl-152">
         <path>E:\Install\ti\ccsv6\tools\compiler\arm_5.1.5\lib\</path>
         <kind>archive</kind>
         <file>rtsv7M4_T_le_v4SPD16_eabi.lib</file>
         <name>stkdepth_vars.obj</name>
      </input_file>
      <input_file id="fl-153">
         <path>E:\Install\ti\ccsv6\tools\compiler\arm_5.1.5\lib\</path>
         <kind>archive</kind>
         <file>rtsv7M4_T_le_v4SPD16_eabi.lib</file>
         <name>u_divt2.obj</name>
      </input_file>
      <input_file id="fl-154">
         <path>E:\Install\ti\ccsv6\tools\compiler\arm_5.1.5\lib\</path>
         <kind>archive</kind>
         <file>rtsv7M4_T_le_v4SPD16_eabi.lib</file>
         <name>u_tofd_t2.obj</name>
      </input_file>
      <input_file id="fl-155">
         <path>E:\Install\ti\ccsv6\tools\compiler\arm_5.1.5\lib\</path>
         <kind>archive</kind>
         <file>rtsv7M4_T_le_v4SPD16_eabi.lib</file>
         <name>xatan.obj</name>
      </input_file>
      <input_file id="fl-156">
         <path>E:\Install\ti\ccsv6\tools\compiler\arm_5.1.5\lib\</path>
         <kind>archive</kind>
         <file>rtsv7M4_T_le_v4SPD16_eabi.lib</file>
         <name>xdscale.obj</name>
      </input_file>
      <input_file id="fl-157">
         <path>E:\Install\ti\ccsv6\tools\compiler\arm_5.1.5\lib\</path>
         <kind>archive</kind>
         <file>rtsv7M4_T_le_v4SPD16_eabi.lib</file>
         <name>xdtest.obj</name>
      </input_file>
      <input_file id="fl-158">
         <path>E:\Install\ti\ccsv6\tools\compiler\arm_5.1.5\lib\</path>
         <kind>archive</kind>
         <file>rtsv7M4_T_le_v4SPD16_eabi.lib</file>
         <name>xdunscal.obj</name>
      </input_file>
      <input_file id="fl-159">
         <path>E:\Install\ti\ccsv6\tools\compiler\arm_5.1.5\lib\</path>
         <kind>archive</kind>
         <file>rtsv7M4_T_le_v4SPD16_eabi.lib</file>
         <name>xferaise.obj</name>
      </input_file>
      <input_file id="fl-15a">
         <path>E:\Install\ti\ccsv6\tools\compiler\arm_5.1.5\lib\</path>
         <kind>archive</kind>
         <file>rtsv7M4_T_le_v4SPD16_eabi.lib</file>
         <name>xsin.obj</name>
      </input_file>
      <input_file id="fl-15b">
         <path>E:\Install\ti\ccsv6\tools\compiler\arm_5.1.5\lib\</path>
         <kind>archive</kind>
         <file>rtsv7M4_T_le_v4SPD16_eabi.lib</file>
         <name>xvalues.obj</name>
      </input_file>
      <input_file id="fl-15c">
         <path>E:\Install\ti\ccsv6\tools\compiler\arm_5.1.5\lib\</path>
         <kind>archive</kind>
         <file>rtsv7M4_T_le_v4SPD16_eabi.lib</file>
         <name>_lock.obj</name>
      </input_file>
      <input_file id="fl-15d">
         <path>E:\Install\ti\ccsv6\tools\compiler\arm_5.1.5\lib\</path>
         <kind>archive</kind>
         <file>rtsv7M4_T_le_v4SPD16_eabi.lib</file>
         <name>args_main.obj</name>
      </input_file>
      <input_file id="fl-15e">
         <path>E:\Install\ti\ccsv6\tools\compiler\arm_5.1.5\lib\</path>
         <kind>archive</kind>
         <file>rtsv7M4_T_le_v4SPD16_eabi.lib</file>
         <name>auto_init.obj</name>
      </input_file>
      <input_file id="fl-15f">
         <path>E:\Install\ti\ccsv6\tools\compiler\arm_5.1.5\lib\</path>
         <kind>archive</kind>
         <file>rtsv7M4_T_le_v4SPD16_eabi.lib</file>
         <name>cpy_tbl.obj</name>
      </input_file>
      <input_file id="fl-160">
         <path>E:\Install\ti\ccsv6\tools\compiler\arm_5.1.5\lib\</path>
         <kind>archive</kind>
         <file>rtsv7M4_T_le_v4SPD16_eabi.lib</file>
         <name>errno.obj</name>
      </input_file>
      <input_file id="fl-161">
         <path>E:\Install\ti\ccsv6\tools\compiler\arm_5.1.5\lib\</path>
         <kind>archive</kind>
         <file>rtsv7M4_T_le_v4SPD16_eabi.lib</file>
         <name>feraiseexcept.obj</name>
      </input_file>
      <input_file id="fl-162">
         <path>E:\Install\ti\ccsv6\tools\compiler\arm_5.1.5\lib\</path>
         <kind>archive</kind>
         <file>rtsv7M4_T_le_v4SPD16_eabi.lib</file>
         <name>fmod.obj</name>
      </input_file>
      <input_file id="fl-163">
         <path>E:\Install\ti\ccsv6\tools\compiler\arm_5.1.5\lib\</path>
         <kind>archive</kind>
         <file>rtsv7M4_T_le_v4SPD16_eabi.lib</file>
         <name>raise.obj</name>
      </input_file>
      <input_file id="fl-164">
         <path>E:\Install\ti\ccsv6\tools\compiler\arm_5.1.5\lib\</path>
         <kind>archive</kind>
         <file>rtsv7M4_T_le_v4SPD16_eabi.lib</file>
         <name>signal.obj</name>
      </input_file>
      <input_file id="fl-165">
         <path>E:\Install\ti\ccsv6\tools\compiler\arm_5.1.5\lib\</path>
         <kind>archive</kind>
         <file>rtsv7M4_T_le_v4SPD16_eabi.lib</file>
         <name>xdnorm.obj</name>
      </input_file>
      <input_file id="fl-166">
         <path>C:\ti\TivaWare_C_Series-1.0\driverlib\ccs\Debug\</path>
         <kind>archive</kind>
         <file>driverlib.lib</file>
         <name>uart.obj</name>
      </input_file>
      <input_file id="fl-167">
         <path>C:\ti\TivaWare_C_Series-1.0\driverlib\ccs\Debug\</path>
         <kind>archive</kind>
         <file>driverlib.lib</file>
         <name>sysctl.obj</name>
      </input_file>
      <input_file id="fl-168">
         <path>C:\ti\TivaWare_C_Series-1.0\driverlib\ccs\Debug\</path>
         <kind>archive</kind>
         <file>driverlib.lib</file>
         <name>interrupt.obj</name>
      </input_file>
      <input_file id="fl-169">
         <path>C:\ti\TivaWare_C_Series-1.0\driverlib\ccs\Debug\</path>
         <kind>archive</kind>
         <file>driverlib.lib</file>
         <name>gpio.obj</name>
      </input_file>
      <input_file id="fl-16a">
         <path>C:\ti\TivaWare_C_Series-1.0\driverlib\ccs\Debug\</path>
         <kind>archive</kind>
         <file>driverlib.lib</file>
         <name>cpu.obj</name>
      </input_file>
   </input_file_list>
   <object_component_list>
      <object_component id="oc-e">
         <name>.intvecs</name>
         <load_address>0x0</load_address>
         <run_address>0x0</run_address>
         <size>0x26c</size>
         <input_file_ref idref="fl-f"/>
      </object_component>
      <object_component id="oc-bb">
         <name>.text</name>
         <load_address>0x26c</load_address>
         <run_address>0x26c</run_address>
         <size>0x4570</size>
         <input_file_ref idref="fl-7"/>
      </object_component>
      <object_component id="oc-c5">
         <name>.text</name>
         <load_address>0x47dc</load_address>
         <run_address>0x47dc</run_address>
         <size>0x3b0</size>
         <input_file_ref idref="fl-b"/>
      </object_component>
      <object_component id="oc-89">
         <name>.text</name>
         <load_address>0x4b8c</load_address>
         <run_address>0x4b8c</run_address>
         <size>0x3b0</size>
         <input_file_ref idref="fl-a"/>
      </object_component>
      <object_component id="oc-2e">
         <name>.text</name>
         <load_address>0x4f3c</load_address>
         <run_address>0x4f3c</run_address>
         <size>0x2dc</size>
         <input_file_ref idref="fl-8"/>
      </object_component>
      <object_component id="oc-29">
         <name>.text</name>
         <load_address>0x5218</load_address>
         <run_address>0x5218</run_address>
         <size>0x2d0</size>
         <input_file_ref idref="fl-10"/>
      </object_component>
      <object_component id="oc-c0">
         <name>.text</name>
         <load_address>0x54e8</load_address>
         <run_address>0x54e8</run_address>
         <size>0x2bc</size>
         <input_file_ref idref="fl-d"/>
      </object_component>
      <object_component id="oc-347">
         <name>.text</name>
         <load_address>0x57a4</load_address>
         <run_address>0x57a4</run_address>
         <size>0x2a8</size>
         <input_file_ref idref="fl-15a"/>
      </object_component>
      <object_component id="oc-ca">
         <name>.text</name>
         <load_address>0x5a4c</load_address>
         <run_address>0x5a4c</run_address>
         <size>0x254</size>
         <input_file_ref idref="fl-c"/>
      </object_component>
      <object_component id="oc-262">
         <name>.text</name>
         <load_address>0x5ca0</load_address>
         <run_address>0x5ca0</run_address>
         <size>0x1b6</size>
         <input_file_ref idref="fl-146"/>
      </object_component>
      <object_component id="oc-340">
         <name>.text</name>
         <load_address>0x5e58</load_address>
         <run_address>0x5e58</run_address>
         <size>0x18c</size>
         <input_file_ref idref="fl-155"/>
      </object_component>
      <object_component id="oc-3a8">
         <name>.text</name>
         <load_address>0x5fe4</load_address>
         <run_address>0x5fe4</run_address>
         <size>0x16c</size>
         <input_file_ref idref="fl-162"/>
      </object_component>
      <object_component id="oc-194">
         <name>.text</name>
         <load_address>0x6150</load_address>
         <run_address>0x6150</run_address>
         <size>0x148</size>
         <input_file_ref idref="fl-151"/>
      </object_component>
      <object_component id="oc-306">
         <name>.text</name>
         <load_address>0x6298</load_address>
         <run_address>0x6298</run_address>
         <size>0x136</size>
         <input_file_ref idref="fl-148"/>
      </object_component>
      <object_component id="oc-255">
         <name>.text</name>
         <load_address>0x63d0</load_address>
         <run_address>0x63d0</run_address>
         <size>0x130</size>
         <input_file_ref idref="fl-3"/>
      </object_component>
      <object_component id="oc-20d">
         <name>.text</name>
         <load_address>0x6500</load_address>
         <run_address>0x6500</run_address>
         <size>0x11c</size>
         <input_file_ref idref="fl-13e"/>
      </object_component>
      <object_component id="oc-299">
         <name>.text</name>
         <load_address>0x661c</load_address>
         <run_address>0x661c</run_address>
         <size>0x118</size>
         <input_file_ref idref="fl-13f"/>
      </object_component>
      <object_component id="oc-27e">
         <name>.text</name>
         <load_address>0x6734</load_address>
         <run_address>0x6734</run_address>
         <size>0x114</size>
         <input_file_ref idref="fl-2"/>
      </object_component>
      <object_component id="oc-30a">
         <name>.text</name>
         <load_address>0x6848</load_address>
         <run_address>0x6848</run_address>
         <size>0x110</size>
         <input_file_ref idref="fl-156"/>
      </object_component>
      <object_component id="oc-f7">
         <name>.text</name>
         <load_address>0x6958</load_address>
         <run_address>0x6958</run_address>
         <size>0xfc</size>
         <input_file_ref idref="fl-149"/>
      </object_component>
      <object_component id="oc-362">
         <name>.text</name>
         <load_address>0x6a54</load_address>
         <run_address>0x6a54</run_address>
         <size>0xd0</size>
         <input_file_ref idref="fl-5"/>
      </object_component>
      <object_component id="oc-387">
         <name>.text</name>
         <load_address>0x6b24</load_address>
         <run_address>0x6b24</run_address>
         <size>0xc4</size>
         <input_file_ref idref="fl-165"/>
      </object_component>
      <object_component id="oc-14a">
         <name>.text:GPIOPadConfigSet</name>
         <load_address>0x6be8</load_address>
         <run_address>0x6be8</run_address>
         <size>0xb8</size>
         <input_file_ref idref="fl-169"/>
      </object_component>
      <object_component id="oc-a2">
         <name>.text:SysCtlClockGet</name>
         <load_address>0x6ca0</load_address>
         <run_address>0x6ca0</run_address>
         <size>0xb4</size>
         <input_file_ref idref="fl-167"/>
      </object_component>
      <object_component id="oc-47">
         <name>.text</name>
         <load_address>0x6d54</load_address>
         <run_address>0x6d54</run_address>
         <size>0x9c</size>
         <input_file_ref idref="fl-14e"/>
      </object_component>
      <object_component id="oc-36">
         <name>.text</name>
         <load_address>0x6df0</load_address>
         <run_address>0x6df0</run_address>
         <size>0x94</size>
         <input_file_ref idref="fl-15e"/>
      </object_component>
      <object_component id="oc-17a">
         <name>.text:__aeabi_cdcmple</name>
         <load_address>0x6e84</load_address>
         <run_address>0x6e84</run_address>
         <size>0x86</size>
         <input_file_ref idref="fl-147"/>
      </object_component>
      <object_component id="oc-1bf">
         <name>.text:__aeabi_cdrcmple</name>
         <load_address>0x6f0a</load_address>
         <run_address>0x6f0a</run_address>
         <size>0x86</size>
         <input_file_ref idref="fl-147"/>
      </object_component>
      <object_component id="oc-283">
         <name>.text</name>
         <load_address>0x6f90</load_address>
         <run_address>0x6f90</run_address>
         <size>0x78</size>
         <input_file_ref idref="fl-14f"/>
      </object_component>
      <object_component id="oc-35d">
         <name>.text</name>
         <load_address>0x7008</load_address>
         <run_address>0x7008</run_address>
         <size>0x6c</size>
         <input_file_ref idref="fl-4"/>
      </object_component>
      <object_component id="oc-301">
         <name>.text</name>
         <load_address>0x7074</load_address>
         <run_address>0x7074</run_address>
         <size>0x64</size>
         <input_file_ref idref="fl-158"/>
      </object_component>
      <object_component id="oc-b1">
         <name>.text:IntEnable</name>
         <load_address>0x70d8</load_address>
         <run_address>0x70d8</run_address>
         <size>0x60</size>
         <input_file_ref idref="fl-168"/>
      </object_component>
      <object_component id="oc-59">
         <name>.text</name>
         <load_address>0x7138</load_address>
         <run_address>0x7138</run_address>
         <size>0x5e</size>
         <input_file_ref idref="fl-142"/>
      </object_component>
      <object_component id="oc-176">
         <name>.text</name>
         <load_address>0x7196</load_address>
         <run_address>0x7196</run_address>
         <size>0x4a</size>
         <input_file_ref idref="fl-14b"/>
      </object_component>
      <object_component id="oc-98">
         <name>.text:GPIOPinConfigure</name>
         <load_address>0x71e0</load_address>
         <run_address>0x71e0</run_address>
         <size>0x48</size>
         <input_file_ref idref="fl-169"/>
      </object_component>
      <object_component id="oc-10">
         <name>.text</name>
         <load_address>0x7228</load_address>
         <run_address>0x7228</run_address>
         <size>0x48</size>
         <input_file_ref idref="fl-140"/>
      </object_component>
      <object_component id="oc-ef">
         <name>.text</name>
         <load_address>0x7270</load_address>
         <run_address>0x7270</run_address>
         <size>0x48</size>
         <input_file_ref idref="fl-14a"/>
      </object_component>
      <object_component id="oc-84">
         <name>.text</name>
         <load_address>0x72b8</load_address>
         <run_address>0x72b8</run_address>
         <size>0x44</size>
         <input_file_ref idref="fl-9"/>
      </object_component>
      <object_component id="oc-10b">
         <name>.text</name>
         <load_address>0x72fc</load_address>
         <run_address>0x72fc</run_address>
         <size>0x44</size>
         <input_file_ref idref="fl-15f"/>
      </object_component>
      <object_component id="oc-3f">
         <name>.text</name>
         <load_address>0x7340</load_address>
         <run_address>0x7340</run_address>
         <size>0x44</size>
         <input_file_ref idref="fl-145"/>
      </object_component>
      <object_component id="oc-33b">
         <name>.text</name>
         <load_address>0x7384</load_address>
         <run_address>0x7384</run_address>
         <size>0x44</size>
         <input_file_ref idref="fl-157"/>
      </object_component>
      <object_component id="oc-a7">
         <name>.text:UARTConfigSetExpClk</name>
         <load_address>0x73c8</load_address>
         <run_address>0x73c8</run_address>
         <size>0x40</size>
         <input_file_ref idref="fl-166"/>
      </object_component>
      <object_component id="oc-3e5">
         <name>.text</name>
         <load_address>0x7408</load_address>
         <run_address>0x7408</run_address>
         <size>0x40</size>
         <input_file_ref idref="fl-164"/>
      </object_component>
      <object_component id="oc-172">
         <name>.text</name>
         <load_address>0x7448</load_address>
         <run_address>0x7448</run_address>
         <size>0x38</size>
         <input_file_ref idref="fl-14c"/>
      </object_component>
      <object_component id="oc-8e">
         <name>.text:SysCtlPeripheralEnable</name>
         <load_address>0x7480</load_address>
         <run_address>0x7480</run_address>
         <size>0x34</size>
         <input_file_ref idref="fl-167"/>
      </object_component>
      <object_component id="oc-391">
         <name>.text</name>
         <load_address>0x74b4</load_address>
         <run_address>0x74b4</run_address>
         <size>0x34</size>
         <input_file_ref idref="fl-161"/>
      </object_component>
      <object_component id="oc-30f">
         <name>.text</name>
         <load_address>0x74e8</load_address>
         <run_address>0x74e8</run_address>
         <size>0x30</size>
         <input_file_ref idref="fl-159"/>
      </object_component>
      <object_component id="oc-25e">
         <name>.text</name>
         <load_address>0x7518</load_address>
         <run_address>0x7518</run_address>
         <size>0x2e</size>
         <input_file_ref idref="fl-14d"/>
      </object_component>
      <object_component id="oc-3cc">
         <name>.text</name>
         <load_address>0x7546</load_address>
         <run_address>0x7546</run_address>
         <size>0x2e</size>
         <input_file_ref idref="fl-163"/>
      </object_component>
      <object_component id="oc-14f">
         <name>.text:GPIODirModeSet</name>
         <load_address>0x7574</load_address>
         <run_address>0x7574</run_address>
         <size>0x2a</size>
         <input_file_ref idref="fl-169"/>
      </object_component>
      <object_component id="oc-f3">
         <name>.text</name>
         <load_address>0x759e</load_address>
         <run_address>0x759e</run_address>
         <size>0x20</size>
         <input_file_ref idref="fl-154"/>
      </object_component>
      <object_component id="oc-15c">
         <name>.text:UARTDisable</name>
         <load_address>0x75c0</load_address>
         <run_address>0x75c0</run_address>
         <size>0x1c</size>
         <input_file_ref idref="fl-166"/>
      </object_component>
      <object_component id="oc-212">
         <name>.text</name>
         <load_address>0x75dc</load_address>
         <run_address>0x75dc</run_address>
         <size>0x1a</size>
         <input_file_ref idref="fl-144"/>
      </object_component>
      <object_component id="oc-2a5">
         <name>.text</name>
         <load_address>0x75f6</load_address>
         <run_address>0x75f6</run_address>
         <size>0x1a</size>
         <input_file_ref idref="fl-150"/>
      </object_component>
      <object_component id="oc-3a">
         <name>.text</name>
         <load_address>0x7610</load_address>
         <run_address>0x7610</run_address>
         <size>0x18</size>
         <input_file_ref idref="fl-15d"/>
      </object_component>
      <object_component id="oc-161">
         <name>.text:UARTEnable</name>
         <load_address>0x7628</load_address>
         <run_address>0x7628</run_address>
         <size>0x14</size>
         <input_file_ref idref="fl-166"/>
      </object_component>
      <object_component id="oc-2da">
         <name>.text</name>
         <load_address>0x763c</load_address>
         <run_address>0x763c</run_address>
         <size>0x14</size>
         <input_file_ref idref="fl-15c"/>
      </object_component>
      <object_component id="oc-93">
         <name>.text:GPIOPinTypeGPIOOutput</name>
         <load_address>0x7650</load_address>
         <run_address>0x7650</run_address>
         <size>0x12</size>
         <input_file_ref idref="fl-169"/>
      </object_component>
      <object_component id="oc-141">
         <name>.text:GPIOPinTypeI2CSCL</name>
         <load_address>0x7662</load_address>
         <run_address>0x7662</run_address>
         <size>0x12</size>
         <input_file_ref idref="fl-169"/>
      </object_component>
      <object_component id="oc-9d">
         <name>.text:GPIOPinTypeUART</name>
         <load_address>0x7674</load_address>
         <run_address>0x7674</run_address>
         <size>0x12</size>
         <input_file_ref idref="fl-169"/>
      </object_component>
      <object_component id="oc-19">
         <name>.text:decompress:ZI</name>
         <load_address>0x7686</load_address>
         <run_address>0x7686</run_address>
         <size>0x12</size>
         <input_file_ref idref="fl-143"/>
      </object_component>
      <object_component id="oc-14">
         <name>.text:decompress:none</name>
         <load_address>0x7698</load_address>
         <run_address>0x7698</run_address>
         <size>0xe</size>
         <input_file_ref idref="fl-141"/>
      </object_component>
      <object_component id="oc-167">
         <name>.text:CPUcpsie</name>
         <load_address>0x76a6</load_address>
         <run_address>0x76a6</run_address>
         <size>0xc</size>
         <input_file_ref idref="fl-16a"/>
      </object_component>
      <object_component id="oc-7a">
         <name>.text:UARTCharsAvail</name>
         <load_address>0x76b2</load_address>
         <run_address>0x76b2</run_address>
         <size>0xc</size>
         <input_file_ref idref="fl-166"/>
      </object_component>
      <object_component id="oc-24">
         <name>.text</name>
         <load_address>0x76be</load_address>
         <run_address>0x76be</run_address>
         <size>0xc</size>
         <input_file_ref idref="fl-f"/>
      </object_component>
      <object_component id="oc-ac">
         <name>.text:IntMasterEnable</name>
         <load_address>0x76ca</load_address>
         <run_address>0x76ca</run_address>
         <size>0xa</size>
         <input_file_ref idref="fl-168"/>
      </object_component>
      <object_component id="oc-7f">
         <name>.text:UARTCharGet</name>
         <load_address>0x76d4</load_address>
         <run_address>0x76d4</run_address>
         <size>0xa</size>
         <input_file_ref idref="fl-166"/>
      </object_component>
      <object_component id="oc-66">
         <name>.text:UARTCharPut</name>
         <load_address>0x76de</load_address>
         <run_address>0x76de</run_address>
         <size>0xa</size>
         <input_file_ref idref="fl-166"/>
      </object_component>
      <object_component id="oc-70">
         <name>.text:UARTIntStatus</name>
         <load_address>0x76e8</load_address>
         <run_address>0x76e8</run_address>
         <size>0xa</size>
         <input_file_ref idref="fl-166"/>
      </object_component>
      <object_component id="oc-b6">
         <name>.text:UARTIntEnable</name>
         <load_address>0x76f2</load_address>
         <run_address>0x76f2</run_address>
         <size>0x8</size>
         <input_file_ref idref="fl-166"/>
      </object_component>
      <object_component id="oc-6b">
         <name>.text:GPIOPinWrite</name>
         <load_address>0x76fa</load_address>
         <run_address>0x76fa</run_address>
         <size>0x6</size>
         <input_file_ref idref="fl-169"/>
      </object_component>
      <object_component id="oc-140">
         <name>.text:SysCtlDelay</name>
         <load_address>0x7700</load_address>
         <run_address>0x7700</run_address>
         <size>0x6</size>
         <input_file_ref idref="fl-167"/>
      </object_component>
      <object_component id="oc-1e">
         <name>.text:decompress:rle24</name>
         <load_address>0x7706</load_address>
         <run_address>0x7706</run_address>
         <size>0x6</size>
         <input_file_ref idref="fl-142"/>
      </object_component>
      <object_component id="oc-75">
         <name>.text:UARTIntClear</name>
         <load_address>0x770c</load_address>
         <run_address>0x770c</run_address>
         <size>0x4</size>
         <input_file_ref idref="fl-166"/>
      </object_component>
      <object_component id="oc-3a3">
         <name>.const</name>
         <load_address>0x7710</load_address>
         <run_address>0x7710</run_address>
         <size>0x88</size>
         <input_file_ref idref="fl-155"/>
      </object_component>
      <object_component id="oc-3ad">
         <name>.const</name>
         <load_address>0x7798</load_address>
         <run_address>0x7798</run_address>
         <size>0x80</size>
         <input_file_ref idref="fl-15a"/>
      </object_component>
      <object_component id="oc-155">
         <name>.const:g_pui32GPIOBaseAddrs</name>
         <load_address>0x7818</load_address>
         <run_address>0x7818</run_address>
         <size>0x78</size>
         <input_file_ref idref="fl-169"/>
      </object_component>
      <object_component id="oc-16d">
         <name>.const</name>
         <load_address>0x7890</load_address>
         <run_address>0x7890</run_address>
         <size>0x70</size>
         <input_file_ref idref="fl-168"/>
      </object_component>
      <object_component id="oc-159">
         <name>.const:g_pui32Xtals</name>
         <load_address>0x7900</load_address>
         <run_address>0x7900</run_address>
         <size>0x6c</size>
         <input_file_ref idref="fl-167"/>
      </object_component>
      <object_component id="oc-429">
         <name>.cinit..data.load</name>
         <load_address>0x7970</load_address>
         <run_address>0x7970</run_address>
         <size>0x14a</size>
      </object_component>
      <object_component id="oc-427">
         <name>__TI_handler_table</name>
         <load_address>0x7abc</load_address>
         <run_address>0x7abc</run_address>
         <size>0xc</size>
      </object_component>
      <object_component id="oc-42a">
         <name>.cinit..bss.load</name>
         <load_address>0x7ac8</load_address>
         <run_address>0x7ac8</run_address>
         <size>0x8</size>
      </object_component>
      <object_component id="oc-428">
         <name>__TI_cinit_table</name>
         <load_address>0x7ad0</load_address>
         <run_address>0x7ad0</run_address>
         <size>0x10</size>
      </object_component>
      <object_component id="oc-44">
         <name>.data</name>
         <load_address>0x20000e4c</load_address>
         <run_address>0x20000e4c</run_address>
         <size>0x4</size>
         <input_file_ref idref="fl-152"/>
      </object_component>
      <object_component id="oc-cf">
         <name>.data</name>
         <load_address>0x20000e44</load_address>
         <run_address>0x20000e44</run_address>
         <size>0x4</size>
         <input_file_ref idref="fl-10"/>
      </object_component>
      <object_component id="oc-d7">
         <name>.data:sen_data</name>
         <load_address>0x20000d80</load_address>
         <run_address>0x20000d80</run_address>
         <size>0x3c</size>
         <input_file_ref idref="fl-9"/>
      </object_component>
      <object_component id="oc-fb">
         <name>.data</name>
         <load_address>0x20000d00</load_address>
         <run_address>0x20000d00</run_address>
         <size>0x40</size>
         <input_file_ref idref="fl-9"/>
      </object_component>
      <object_component id="oc-ff">
         <name>.data:sen_offset</name>
         <load_address>0x20000d40</load_address>
         <run_address>0x20000d40</run_address>
         <size>0x40</size>
         <input_file_ref idref="fl-9"/>
      </object_component>
      <object_component id="oc-113">
         <name>.data</name>
         <load_address>0x20000e28</load_address>
         <run_address>0x20000e28</run_address>
         <size>0x8</size>
         <input_file_ref idref="fl-15c"/>
      </object_component>
      <object_component id="oc-115">
         <name>.data</name>
         <load_address>0x20000e30</load_address>
         <run_address>0x20000e30</run_address>
         <size>0x8</size>
         <input_file_ref idref="fl-145"/>
      </object_component>
      <object_component id="oc-1c5">
         <name>.data:Kalman_Sim_P</name>
         <load_address>0x200009c0</load_address>
         <run_address>0x200009c0</run_address>
         <size>0x180</size>
         <input_file_ref idref="fl-6"/>
      </object_component>
      <object_component id="oc-1f5">
         <name>.data:tmp_6</name>
         <load_address>0x20000de0</load_address>
         <run_address>0x20000de0</run_address>
         <size>0x24</size>
         <input_file_ref idref="fl-7"/>
      </object_component>
      <object_component id="oc-1fb">
         <name>.data:tmp_7</name>
         <load_address>0x20000e04</load_address>
         <run_address>0x20000e04</run_address>
         <size>0x24</size>
         <input_file_ref idref="fl-7"/>
      </object_component>
      <object_component id="oc-240">
         <name>.data:tmp_8</name>
         <load_address>0x20000bf0</load_address>
         <run_address>0x20000bf0</run_address>
         <size>0x90</size>
         <input_file_ref idref="fl-7"/>
      </object_component>
      <object_component id="oc-28a">
         <name>.data</name>
         <load_address>0x20000e40</load_address>
         <run_address>0x20000e40</run_address>
         <size>0x4</size>
         <input_file_ref idref="fl-7"/>
      </object_component>
      <object_component id="oc-2a0">
         <name>.data:SENSOR_SIGN</name>
         <load_address>0x20000dbc</load_address>
         <run_address>0x20000dbc</run_address>
         <size>0x24</size>
         <input_file_ref idref="fl-9"/>
      </object_component>
      <object_component id="oc-314">
         <name>.data</name>
         <load_address>0x20000c80</load_address>
         <run_address>0x20000c80</run_address>
         <size>0x80</size>
         <input_file_ref idref="fl-15b"/>
      </object_component>
      <object_component id="oc-396">
         <name>.data</name>
         <load_address>0x20000e48</load_address>
         <run_address>0x20000e48</run_address>
         <size>0x4</size>
         <input_file_ref idref="fl-160"/>
      </object_component>
      <object_component id="oc-3d1">
         <name>.data</name>
         <load_address>0x20000e38</load_address>
         <run_address>0x20000e38</run_address>
         <size>0x8</size>
         <input_file_ref idref="fl-161"/>
      </object_component>
      <object_component id="oc-3fc">
         <name>.data:sigtable</name>
         <load_address>0x20000b40</load_address>
         <run_address>0x20000b40</run_address>
         <size>0xb0</size>
         <input_file_ref idref="fl-164"/>
      </object_component>
      <object_component id="oc-17f">
         <name>.bss:eml_b_x</name>
         <uninitialized>true</uninitialized>
         <run_address>0x20000424</run_address>
         <size>0x90</size>
         <input_file_ref idref="fl-7"/>
      </object_component>
      <object_component id="oc-1d6">
         <name>.bss:eml_d</name>
         <uninitialized>true</uninitialized>
         <run_address>0x200006b0</run_address>
         <size>0x48</size>
         <input_file_ref idref="fl-7"/>
      </object_component>
      <object_component id="oc-1d8">
         <name>.bss:eml_b_d</name>
         <uninitialized>true</uninitialized>
         <run_address>0x20000668</run_address>
         <size>0x48</size>
         <input_file_ref idref="fl-7"/>
      </object_component>
      <object_component id="oc-1dc">
         <name>.bss:eml_C_0</name>
         <uninitialized>true</uninitialized>
         <run_address>0x20000750</run_address>
         <size>0x24</size>
         <input_file_ref idref="fl-7"/>
      </object_component>
      <object_component id="oc-1de">
         <name>.bss:Kalman_Sim_DWork</name>
         <uninitialized>true</uninitialized>
         <run_address>0x20000000</run_address>
         <size>0x154</size>
         <input_file_ref idref="fl-7"/>
      </object_component>
      <object_component id="oc-1e4">
         <name>.bss:eml_Phik</name>
         <uninitialized>true</uninitialized>
         <run_address>0x20000304</run_address>
         <size>0x90</size>
         <input_file_ref idref="fl-7"/>
      </object_component>
      <object_component id="oc-1ea">
         <name>.bss:eml_Phik_0</name>
         <uninitialized>true</uninitialized>
         <run_address>0x20000394</run_address>
         <size>0x90</size>
         <input_file_ref idref="fl-7"/>
      </object_component>
      <object_component id="oc-1ed">
         <name>.bss:tmp_1</name>
         <uninitialized>true</uninitialized>
         <run_address>0x200007bc</run_address>
         <size>0x24</size>
         <input_file_ref idref="fl-7"/>
      </object_component>
      <object_component id="oc-1ef">
         <name>.bss:tmp_2</name>
         <uninitialized>true</uninitialized>
         <run_address>0x200007e0</run_address>
         <size>0x24</size>
         <input_file_ref idref="fl-7"/>
      </object_component>
      <object_component id="oc-1f3">
         <name>.bss:tmp_3</name>
         <uninitialized>true</uninitialized>
         <run_address>0x200005d4</run_address>
         <size>0x90</size>
         <input_file_ref idref="fl-7"/>
      </object_component>
      <object_component id="oc-1f9">
         <name>.bss:eml_P</name>
         <uninitialized>true</uninitialized>
         <run_address>0x200001e4</run_address>
         <size>0x90</size>
         <input_file_ref idref="fl-7"/>
      </object_component>
      <object_component id="oc-200">
         <name>.bss:tmp_0</name>
         <uninitialized>true</uninitialized>
         <run_address>0x20000544</run_address>
         <size>0x90</size>
         <input_file_ref idref="fl-7"/>
      </object_component>
      <object_component id="oc-205">
         <name>.bss:eml_Kk</name>
         <uninitialized>true</uninitialized>
         <run_address>0x20000154</run_address>
         <size>0x90</size>
         <input_file_ref idref="fl-7"/>
      </object_component>
      <object_component id="oc-21f">
         <name>.bss:eml_I</name>
         <uninitialized>true</uninitialized>
         <run_address>0x20000774</run_address>
         <size>0x24</size>
         <input_file_ref idref="fl-7"/>
      </object_component>
      <object_component id="oc-23c">
         <name>.bss:eml_P_0</name>
         <uninitialized>true</uninitialized>
         <run_address>0x20000274</run_address>
         <size>0x90</size>
         <input_file_ref idref="fl-7"/>
      </object_component>
      <object_component id="oc-23e">
         <name>.bss:tmp</name>
         <uninitialized>true</uninitialized>
         <run_address>0x200004b4</run_address>
         <size>0x90</size>
         <input_file_ref idref="fl-7"/>
      </object_component>
      <object_component id="oc-269">
         <name>.bss:eml_I_0</name>
         <uninitialized>true</uninitialized>
         <run_address>0x20000798</run_address>
         <size>0x24</size>
         <input_file_ref idref="fl-7"/>
      </object_component>
      <object_component id="oc-29e">
         <name>.bss:rx_temp_buffer</name>
         <uninitialized>true</uninitialized>
         <run_address>0x20000728</run_address>
         <size>0x28</size>
         <input_file_ref idref="fl-9"/>
      </object_component>
      <object_component id="oc-2a2">
         <name>.bss:Uart_Array</name>
         <uninitialized>true</uninitialized>
         <run_address>0x200006f8</run_address>
         <size>0x30</size>
         <input_file_ref idref="fl-9"/>
      </object_component>
      <object_component id="oc-369">
         <name>.common:rtInf</name>
         <uninitialized>true</uninitialized>
         <run_address>0x20000930</run_address>
         <size>0x8</size>
      </object_component>
      <object_component id="oc-36b">
         <name>.common:rtMinusInf</name>
         <uninitialized>true</uninitialized>
         <run_address>0x20000938</run_address>
         <size>0x8</size>
      </object_component>
      <object_component id="oc-367">
         <name>.common:rtNaN</name>
         <uninitialized>true</uninitialized>
         <run_address>0x20000940</run_address>
         <size>0x8</size>
      </object_component>
      <object_component id="oc-36a">
         <name>.common:rtInfF</name>
         <uninitialized>true</uninitialized>
         <run_address>0x20000994</run_address>
         <size>0x4</size>
      </object_component>
      <object_component id="oc-36c">
         <name>.common:rtMinusInfF</name>
         <uninitialized>true</uninitialized>
         <run_address>0x20000998</run_address>
         <size>0x4</size>
      </object_component>
      <object_component id="oc-368">
         <name>.common:rtNaNF</name>
         <uninitialized>true</uninitialized>
         <run_address>0x2000099c</run_address>
         <size>0x4</size>
      </object_component>
      <object_component id="oc-290">
         <name>.common:fgyro</name>
         <uninitialized>true</uninitialized>
         <run_address>0x200008d4</run_address>
         <size>0xc</size>
      </object_component>
      <object_component id="oc-291">
         <name>.common:facc</name>
         <uninitialized>true</uninitialized>
         <run_address>0x200008c8</run_address>
         <size>0xc</size>
      </object_component>
      <object_component id="oc-292">
         <name>.common:fmag</name>
         <uninitialized>true</uninitialized>
         <run_address>0x200008e0</run_address>
         <size>0xc</size>
      </object_component>
      <object_component id="oc-28c">
         <name>.common:Out2</name>
         <uninitialized>true</uninitialized>
         <run_address>0x20000910</run_address>
         <size>0x8</size>
      </object_component>
      <object_component id="oc-28f">
         <name>.common:Out1</name>
         <uninitialized>true</uninitialized>
         <run_address>0x20000898</run_address>
         <size>0xc</size>
      </object_component>
      <object_component id="oc-1b1">
         <name>.common:eml_p</name>
         <uninitialized>true</uninitialized>
         <run_address>0x20000928</run_address>
         <size>0x8</size>
      </object_component>
      <object_component id="oc-1b4">
         <name>.common:eml_ipiv</name>
         <uninitialized>true</uninitialized>
         <run_address>0x20000920</run_address>
         <size>0x8</size>
      </object_component>
      <object_component id="oc-1b9">
         <name>.common:eml_jBcol</name>
         <uninitialized>true</uninitialized>
         <run_address>0x20000964</run_address>
         <size>0x4</size>
      </object_component>
      <object_component id="oc-1b6">
         <name>.common:eml_kAcol</name>
         <uninitialized>true</uninitialized>
         <run_address>0x20000970</run_address>
         <size>0x4</size>
      </object_component>
      <object_component id="oc-1b5">
         <name>.common:eml_k</name>
         <uninitialized>true</uninitialized>
         <run_address>0x2000096c</run_address>
         <size>0x4</size>
      </object_component>
      <object_component id="oc-1b8">
         <name>.common:eml_i</name>
         <uninitialized>true</uninitialized>
         <run_address>0x20000958</run_address>
         <size>0x4</size>
      </object_component>
      <object_component id="oc-1b7">
         <name>.common:eml_loop_ub</name>
         <uninitialized>true</uninitialized>
         <run_address>0x20000974</run_address>
         <size>0x4</size>
      </object_component>
      <object_component id="oc-1b3">
         <name>.common:eml_b_k</name>
         <uninitialized>true</uninitialized>
         <run_address>0x20000948</run_address>
         <size>0x4</size>
      </object_component>
      <object_component id="oc-1a5">
         <name>.common:eml_mmj</name>
         <uninitialized>true</uninitialized>
         <run_address>0x20000978</run_address>
         <size>0x4</size>
      </object_component>
      <object_component id="oc-1a7">
         <name>.common:eml_jp1j</name>
         <uninitialized>true</uninitialized>
         <run_address>0x20000968</run_address>
         <size>0x4</size>
      </object_component>
      <object_component id="oc-288">
         <name>.common:eml_j</name>
         <uninitialized>true</uninitialized>
         <run_address>0x2000095c</run_address>
         <size>0x4</size>
      </object_component>
      <object_component id="oc-1af">
         <name>.common:eml_jA</name>
         <uninitialized>true</uninitialized>
         <run_address>0x20000960</run_address>
         <size>0x4</size>
      </object_component>
      <object_component id="oc-1ab">
         <name>.common:eml_smax</name>
         <uninitialized>true</uninitialized>
         <run_address>0x20000984</run_address>
         <size>0x4</size>
      </object_component>
      <object_component id="oc-1ad">
         <name>.common:eml_c_x</name>
         <uninitialized>true</uninitialized>
         <run_address>0x2000094c</run_address>
         <size>0x4</size>
      </object_component>
      <object_component id="oc-1ba">
         <name>.common:eml_y</name>
         <uninitialized>true</uninitialized>
         <run_address>0x20000990</run_address>
         <size>0x4</size>
      </object_component>
      <object_component id="oc-1bb">
         <name>.common:eml_scale</name>
         <uninitialized>true</uninitialized>
         <run_address>0x2000097c</run_address>
         <size>0x4</size>
      </object_component>
      <object_component id="oc-1bc">
         <name>.common:eml_firstNonZero</name>
         <uninitialized>true</uninitialized>
         <run_address>0x200009bc</run_address>
         <size>0x1</size>
      </object_component>
      <object_component id="oc-1bd">
         <name>.common:eml_xk</name>
         <uninitialized>true</uninitialized>
         <run_address>0x2000098c</run_address>
         <size>0x4</size>
      </object_component>
      <object_component id="oc-1be">
         <name>.common:eml_t</name>
         <uninitialized>true</uninitialized>
         <run_address>0x20000988</run_address>
         <size>0x4</size>
      </object_component>
      <object_component id="oc-274">
         <name>.common:eml_C</name>
         <uninitialized>true</uninitialized>
         <run_address>0x2000087c</run_address>
         <size>0x4</size>
      </object_component>
      <object_component id="oc-209">
         <name>.common:eml_x</name>
         <uninitialized>true</uninitialized>
         <run_address>0x20000804</run_address>
         <size>0x18</size>
      </object_component>
      <object_component id="oc-22f">
         <name>.common:eml_b_I</name>
         <uninitialized>true</uninitialized>
         <run_address>0x200008b0</run_address>
         <size>0xc</size>
      </object_component>
      <object_component id="oc-231">
         <name>.common:eml_c_I</name>
         <uninitialized>true</uninitialized>
         <run_address>0x200008bc</run_address>
         <size>0xc</size>
      </object_component>
      <object_component id="oc-272">
         <name>.common:eml_cos_theta</name>
         <uninitialized>true</uninitialized>
         <run_address>0x20000954</run_address>
         <size>0x4</size>
      </object_component>
      <object_component id="oc-273">
         <name>.common:eml_sin_phi</name>
         <uninitialized>true</uninitialized>
         <run_address>0x20000980</run_address>
         <size>0x4</size>
      </object_component>
      <object_component id="oc-24a">
         <name>.common:eml_cos_phi</name>
         <uninitialized>true</uninitialized>
         <run_address>0x20000950</run_address>
         <size>0x4</size>
      </object_component>
      <object_component id="oc-25a">
         <name>.common:eml_x_0</name>
         <uninitialized>true</uninitialized>
         <run_address>0x2000081c</run_address>
         <size>0x18</size>
      </object_component>
      <object_component id="oc-27d">
         <name>.common:rtb_TmpSignalConversionAtSFunct</name>
         <uninitialized>true</uninitialized>
         <run_address>0x2000084c</run_address>
         <size>0x18</size>
      </object_component>
      <object_component id="oc-271">
         <name>.common:rtb_x_h</name>
         <uninitialized>true</uninitialized>
         <run_address>0x20000864</run_address>
         <size>0x18</size>
      </object_component>
      <object_component id="oc-278">
         <name>.common:rtb_theta</name>
         <uninitialized>true</uninitialized>
         <run_address>0x200009a8</run_address>
         <size>0x4</size>
      </object_component>
      <object_component id="oc-268">
         <name>.common:rtb_x_0</name>
         <uninitialized>true</uninitialized>
         <run_address>0x200008f8</run_address>
         <size>0xc</size>
      </object_component>
      <object_component id="oc-227">
         <name>.common:eml_Xh</name>
         <uninitialized>true</uninitialized>
         <run_address>0x20000918</run_address>
         <size>0x8</size>
      </object_component>
      <object_component id="oc-21b">
         <name>.common:rtb_x_h_0</name>
         <uninitialized>true</uninitialized>
         <run_address>0x20000904</run_address>
         <size>0xc</size>
      </object_component>
      <object_component id="oc-25b">
         <name>.common:rtb_TmpSignalConversionAtSFun_0</name>
         <uninitialized>true</uninitialized>
         <run_address>0x20000834</run_address>
         <size>0x18</size>
      </object_component>
      <object_component id="oc-289">
         <name>.common:tmp_4</name>
         <uninitialized>true</uninitialized>
         <run_address>0x200009b4</run_address>
         <size>0x4</size>
      </object_component>
      <object_component id="oc-287">
         <name>.common:tmp_5</name>
         <uninitialized>true</uninitialized>
         <run_address>0x200009b8</run_address>
         <size>0x4</size>
      </object_component>
      <object_component id="oc-246">
         <name>.common:rtb_Gain1_idx</name>
         <uninitialized>true</uninitialized>
         <run_address>0x200009a0</run_address>
         <size>0x4</size>
      </object_component>
      <object_component id="oc-229">
         <name>.common:rtb_Gain1_idx_0</name>
         <uninitialized>true</uninitialized>
         <run_address>0x200009a4</run_address>
         <size>0x4</size>
      </object_component>
      <object_component id="oc-27b">
         <name>.common:rtb_x_h_idx</name>
         <uninitialized>true</uninitialized>
         <run_address>0x200009ac</run_address>
         <size>0x4</size>
      </object_component>
      <object_component id="oc-24e">
         <name>.common:rtb_x_h_idx_0</name>
         <uninitialized>true</uninitialized>
         <run_address>0x200009b0</run_address>
         <size>0x4</size>
      </object_component>
      <object_component id="oc-36f">
         <name>.common:Kalman_Sim_M_</name>
         <uninitialized>true</uninitialized>
         <run_address>0x20000664</run_address>
         <size>0x4</size>
      </object_component>
      <object_component id="oc-106">
         <name>.common:offset</name>
         <uninitialized>true</uninitialized>
         <run_address>0x200008ec</run_address>
         <size>0xc</size>
      </object_component>
      <object_component id="oc-fd">
         <name>.common:time_1</name>
         <uninitialized>true</uninitialized>
         <run_address>0x20000880</run_address>
         <size>0x18</size>
      </object_component>
      <object_component id="oc-d4">
         <name>.common:data</name>
         <uninitialized>true</uninitialized>
         <run_address>0x200008a4</run_address>
         <size>0xc</size>
      </object_component>
      <object_component id="oc-23">
         <name>.stack</name>
         <uninitialized>true</uninitialized>
         <run_address>0x20000e50</run_address>
         <size>0x0</size>
         <input_file_ref idref="fl-140"/>
      </object_component>
      <object_component id="oc-42b">
         <name>.stack</name>
         <uninitialized>true</uninitialized>
         <run_address>0x20000e50</run_address>
         <size>0x0</size>
      </object_component>
      <object_component id="oc-f">
         <name>.debug_info</name>
         <load_address>0x0</load_address>
         <run_address>0x0</run_address>
         <size>0xe4</size>
         <input_file_ref idref="fl-f"/>
      </object_component>
      <object_component id="oc-11">
         <name>.debug_info</name>
         <load_address>0xe4</load_address>
         <run_address>0xe4</run_address>
         <size>0xf3</size>
         <input_file_ref idref="fl-140"/>
      </object_component>
      <object_component id="oc-17">
         <name>.debug_info</name>
         <load_address>0x1d7</load_address>
         <run_address>0x1d7</run_address>
         <size>0x194</size>
         <input_file_ref idref="fl-141"/>
      </object_component>
      <object_component id="oc-1b">
         <name>.debug_info</name>
         <load_address>0x36b</load_address>
         <run_address>0x36b</run_address>
         <size>0x16a</size>
         <input_file_ref idref="fl-143"/>
      </object_component>
      <object_component id="oc-22">
         <name>.debug_info</name>
         <load_address>0x4d5</load_address>
         <run_address>0x4d5</run_address>
         <size>0x18e</size>
         <input_file_ref idref="fl-142"/>
      </object_component>
      <object_component id="oc-25">
         <name>.debug_info</name>
         <load_address>0x663</load_address>
         <run_address>0x663</run_address>
         <size>0x260</size>
         <input_file_ref idref="fl-f"/>
      </object_component>
      <object_component id="oc-2a">
         <name>.debug_info</name>
         <load_address>0x8c3</load_address>
         <run_address>0x8c3</run_address>
         <size>0x5e8</size>
         <input_file_ref idref="fl-10"/>
      </object_component>
      <object_component id="oc-2f">
         <name>.debug_info</name>
         <load_address>0xeab</load_address>
         <run_address>0xeab</run_address>
         <size>0x490</size>
         <input_file_ref idref="fl-8"/>
      </object_component>
      <object_component id="oc-35">
         <name>.debug_info</name>
         <load_address>0x133b</load_address>
         <run_address>0x133b</run_address>
         <size>0x147</size>
         <input_file_ref idref="fl-f"/>
      </object_component>
      <object_component id="oc-38">
         <name>.debug_info</name>
         <load_address>0x1482</load_address>
         <run_address>0x1482</run_address>
         <size>0x13d</size>
         <input_file_ref idref="fl-15e"/>
      </object_component>
      <object_component id="oc-3b">
         <name>.debug_info</name>
         <load_address>0x15bf</load_address>
         <run_address>0x15bf</run_address>
         <size>0x11c</size>
         <input_file_ref idref="fl-15d"/>
      </object_component>
      <object_component id="oc-43">
         <name>.debug_info</name>
         <load_address>0x16db</load_address>
         <run_address>0x16db</run_address>
         <size>0x1c2</size>
         <input_file_ref idref="fl-145"/>
      </object_component>
      <object_component id="oc-45">
         <name>.debug_info</name>
         <load_address>0x189d</load_address>
         <run_address>0x189d</run_address>
         <size>0xbe</size>
         <input_file_ref idref="fl-152"/>
      </object_component>
      <object_component id="oc-49">
         <name>.debug_info</name>
         <load_address>0x195b</load_address>
         <run_address>0x195b</run_address>
         <size>0xcc</size>
         <input_file_ref idref="fl-14e"/>
      </object_component>
      <object_component id="oc-4c">
         <name>.debug_info</name>
         <load_address>0x1a27</load_address>
         <run_address>0x1a27</run_address>
         <size>0x46</size>
         <input_file_ref idref="fl-141"/>
      </object_component>
      <object_component id="oc-51">
         <name>.debug_info</name>
         <load_address>0x1a6d</load_address>
         <run_address>0x1a6d</run_address>
         <size>0xf2</size>
         <input_file_ref idref="fl-141"/>
      </object_component>
      <object_component id="oc-53">
         <name>.debug_info</name>
         <load_address>0x1b5f</load_address>
         <run_address>0x1b5f</run_address>
         <size>0x46</size>
         <input_file_ref idref="fl-143"/>
      </object_component>
      <object_component id="oc-58">
         <name>.debug_info</name>
         <load_address>0x1ba5</load_address>
         <run_address>0x1ba5</run_address>
         <size>0xad</size>
         <input_file_ref idref="fl-143"/>
      </object_component>
      <object_component id="oc-5d">
         <name>.debug_info</name>
         <load_address>0x1c52</load_address>
         <run_address>0x1c52</run_address>
         <size>0x1ef</size>
         <input_file_ref idref="fl-142"/>
      </object_component>
      <object_component id="oc-5f">
         <name>.debug_info</name>
         <load_address>0x1e41</load_address>
         <run_address>0x1e41</run_address>
         <size>0xb7</size>
         <input_file_ref idref="fl-142"/>
      </object_component>
      <object_component id="oc-60">
         <name>.debug_info</name>
         <load_address>0x1ef8</load_address>
         <run_address>0x1ef8</run_address>
         <size>0x39</size>
         <input_file_ref idref="fl-142"/>
      </object_component>
      <object_component id="oc-67">
         <name>.debug_info</name>
         <load_address>0x1f31</load_address>
         <run_address>0x1f31</run_address>
         <size>0x25d</size>
         <input_file_ref idref="fl-166"/>
      </object_component>
      <object_component id="oc-6d">
         <name>.debug_info</name>
         <load_address>0x218e</load_address>
         <run_address>0x218e</run_address>
         <size>0x207</size>
         <input_file_ref idref="fl-169"/>
      </object_component>
      <object_component id="oc-71">
         <name>.debug_info</name>
         <load_address>0x2395</load_address>
         <run_address>0x2395</run_address>
         <size>0x1e3</size>
         <input_file_ref idref="fl-166"/>
      </object_component>
      <object_component id="oc-76">
         <name>.debug_info</name>
         <load_address>0x2578</load_address>
         <run_address>0x2578</run_address>
         <size>0x1f1</size>
         <input_file_ref idref="fl-166"/>
      </object_component>
      <object_component id="oc-7b">
         <name>.debug_info</name>
         <load_address>0x2769</load_address>
         <run_address>0x2769</run_address>
         <size>0x1b7</size>
         <input_file_ref idref="fl-166"/>
      </object_component>
      <object_component id="oc-80">
         <name>.debug_info</name>
         <load_address>0x2920</load_address>
         <run_address>0x2920</run_address>
         <size>0x237</size>
         <input_file_ref idref="fl-166"/>
      </object_component>
      <object_component id="oc-85">
         <name>.debug_info</name>
         <load_address>0x2b57</load_address>
         <run_address>0x2b57</run_address>
         <size>0x1f6</size>
         <input_file_ref idref="fl-9"/>
      </object_component>
      <object_component id="oc-8a">
         <name>.debug_info</name>
         <load_address>0x2d4d</load_address>
         <run_address>0x2d4d</run_address>
         <size>0x89d</size>
         <input_file_ref idref="fl-a"/>
      </object_component>
      <object_component id="oc-8f">
         <name>.debug_info</name>
         <load_address>0x35ea</load_address>
         <run_address>0x35ea</run_address>
         <size>0x1e1</size>
         <input_file_ref idref="fl-167"/>
      </object_component>
      <object_component id="oc-94">
         <name>.debug_info</name>
         <load_address>0x37cb</load_address>
         <run_address>0x37cb</run_address>
         <size>0x1eb</size>
         <input_file_ref idref="fl-169"/>
      </object_component>
      <object_component id="oc-99">
         <name>.debug_info</name>
         <load_address>0x39b6</load_address>
         <run_address>0x39b6</run_address>
         <size>0x1e4</size>
         <input_file_ref idref="fl-169"/>
      </object_component>
      <object_component id="oc-9f">
         <name>.debug_info</name>
         <load_address>0x3b9a</load_address>
         <run_address>0x3b9a</run_address>
         <size>0x1df</size>
         <input_file_ref idref="fl-169"/>
      </object_component>
      <object_component id="oc-a3">
         <name>.debug_info</name>
         <load_address>0x3d79</load_address>
         <run_address>0x3d79</run_address>
         <size>0x202</size>
         <input_file_ref idref="fl-167"/>
      </object_component>
      <object_component id="oc-a8">
         <name>.debug_info</name>
         <load_address>0x3f7b</load_address>
         <run_address>0x3f7b</run_address>
         <size>0x28a</size>
         <input_file_ref idref="fl-166"/>
      </object_component>
      <object_component id="oc-ad">
         <name>.debug_info</name>
         <load_address>0x4205</load_address>
         <run_address>0x4205</run_address>
         <size>0x1a2</size>
         <input_file_ref idref="fl-168"/>
      </object_component>
      <object_component id="oc-b2">
         <name>.debug_info</name>
         <load_address>0x43a7</load_address>
         <run_address>0x43a7</run_address>
         <size>0x1cc</size>
         <input_file_ref idref="fl-168"/>
      </object_component>
      <object_component id="oc-b7">
         <name>.debug_info</name>
         <load_address>0x4573</load_address>
         <run_address>0x4573</run_address>
         <size>0x1f3</size>
         <input_file_ref idref="fl-166"/>
      </object_component>
      <object_component id="oc-bc">
         <name>.debug_info</name>
         <load_address>0x4766</load_address>
         <run_address>0x4766</run_address>
         <size>0xc8c</size>
         <input_file_ref idref="fl-7"/>
      </object_component>
      <object_component id="oc-c1">
         <name>.debug_info</name>
         <load_address>0x53f2</load_address>
         <run_address>0x53f2</run_address>
         <size>0x299</size>
         <input_file_ref idref="fl-d"/>
      </object_component>
      <object_component id="oc-c6">
         <name>.debug_info</name>
         <load_address>0x568b</load_address>
         <run_address>0x568b</run_address>
         <size>0x4d4</size>
         <input_file_ref idref="fl-b"/>
      </object_component>
      <object_component id="oc-cb">
         <name>.debug_info</name>
         <load_address>0x5b5f</load_address>
         <run_address>0x5b5f</run_address>
         <size>0x257</size>
         <input_file_ref idref="fl-c"/>
      </object_component>
      <object_component id="oc-d0">
         <name>.debug_info</name>
         <load_address>0x5db6</load_address>
         <run_address>0x5db6</run_address>
         <size>0xc2</size>
         <input_file_ref idref="fl-10"/>
      </object_component>
      <object_component id="oc-d2">
         <name>.debug_info</name>
         <load_address>0x5e78</load_address>
         <run_address>0x5e78</run_address>
         <size>0x683</size>
         <input_file_ref idref="fl-10"/>
      </object_component>
      <object_component id="oc-d6">
         <name>.debug_info</name>
         <load_address>0x64fb</load_address>
         <run_address>0x64fb</run_address>
         <size>0x90b</size>
         <input_file_ref idref="fl-7"/>
      </object_component>
      <object_component id="oc-d8">
         <name>.debug_info</name>
         <load_address>0x6e06</load_address>
         <run_address>0x6e06</run_address>
         <size>0xd2</size>
         <input_file_ref idref="fl-9"/>
      </object_component>
      <object_component id="oc-e5">
         <name>.debug_info</name>
         <load_address>0x6ed8</load_address>
         <run_address>0x6ed8</run_address>
         <size>0x18b</size>
         <input_file_ref idref="fl-8"/>
      </object_component>
      <object_component id="oc-ea">
         <name>.debug_info</name>
         <load_address>0x7063</load_address>
         <run_address>0x7063</run_address>
         <size>0x84</size>
         <input_file_ref idref="fl-2"/>
      </object_component>
      <object_component id="oc-f2">
         <name>.debug_info</name>
         <load_address>0x70e7</load_address>
         <run_address>0x70e7</run_address>
         <size>0xe1</size>
         <input_file_ref idref="fl-14a"/>
      </object_component>
      <object_component id="oc-f5">
         <name>.debug_info</name>
         <load_address>0x71c8</load_address>
         <run_address>0x71c8</run_address>
         <size>0xe1</size>
         <input_file_ref idref="fl-154"/>
      </object_component>
      <object_component id="oc-fa">
         <name>.debug_info</name>
         <load_address>0x72a9</load_address>
         <run_address>0x72a9</run_address>
         <size>0xed</size>
         <input_file_ref idref="fl-149"/>
      </object_component>
      <object_component id="oc-fc">
         <name>.debug_info</name>
         <load_address>0x7396</load_address>
         <run_address>0x7396</run_address>
         <size>0x3af</size>
         <input_file_ref idref="fl-9"/>
      </object_component>
      <object_component id="oc-fe">
         <name>.debug_info</name>
         <load_address>0x7745</load_address>
         <run_address>0x7745</run_address>
         <size>0x1c8</size>
         <input_file_ref idref="fl-9"/>
      </object_component>
      <object_component id="oc-100">
         <name>.debug_info</name>
         <load_address>0x790d</load_address>
         <run_address>0x790d</run_address>
         <size>0xd6</size>
         <input_file_ref idref="fl-9"/>
      </object_component>
      <object_component id="oc-10c">
         <name>.debug_info</name>
         <load_address>0x79e3</load_address>
         <run_address>0x79e3</run_address>
         <size>0x14b</size>
         <input_file_ref idref="fl-15f"/>
      </object_component>
      <object_component id="oc-112">
         <name>.debug_info</name>
         <load_address>0x7b2e</load_address>
         <run_address>0x7b2e</run_address>
         <size>0x11b</size>
         <input_file_ref idref="fl-15d"/>
      </object_component>
      <object_component id="oc-114">
         <name>.debug_info</name>
         <load_address>0x7c49</load_address>
         <run_address>0x7c49</run_address>
         <size>0xc8</size>
         <input_file_ref idref="fl-15c"/>
      </object_component>
      <object_component id="oc-116">
         <name>.debug_info</name>
         <load_address>0x7d11</load_address>
         <run_address>0x7d11</run_address>
         <size>0xeb</size>
         <input_file_ref idref="fl-145"/>
      </object_component>
      <object_component id="oc-118">
         <name>.debug_info</name>
         <load_address>0x7dfc</load_address>
         <run_address>0x7dfc</run_address>
         <size>0x146</size>
         <input_file_ref idref="fl-145"/>
      </object_component>
      <object_component id="oc-11c">
         <name>.debug_info</name>
         <load_address>0x7f42</load_address>
         <run_address>0x7f42</run_address>
         <size>0x2c</size>
         <input_file_ref idref="fl-141"/>
      </object_component>
      <object_component id="oc-123">
         <name>.debug_info</name>
         <load_address>0x7f6e</load_address>
         <run_address>0x7f6e</run_address>
         <size>0x2c</size>
         <input_file_ref idref="fl-143"/>
      </object_component>
      <object_component id="oc-12e">
         <name>.debug_info</name>
         <load_address>0x7f9a</load_address>
         <run_address>0x7f9a</run_address>
         <size>0x18b</size>
         <input_file_ref idref="fl-166"/>
      </object_component>
      <object_component id="oc-133">
         <name>.debug_info</name>
         <load_address>0x8125</load_address>
         <run_address>0x8125</run_address>
         <size>0x90</size>
         <input_file_ref idref="fl-166"/>
      </object_component>
      <object_component id="oc-138">
         <name>.debug_info</name>
         <load_address>0x81b5</load_address>
         <run_address>0x81b5</run_address>
         <size>0x1c8</size>
         <input_file_ref idref="fl-166"/>
      </object_component>
      <object_component id="oc-13a">
         <name>.debug_info</name>
         <load_address>0x837d</load_address>
         <run_address>0x837d</run_address>
         <size>0x1d1</size>
         <input_file_ref idref="fl-169"/>
      </object_component>
      <object_component id="oc-142">
         <name>.debug_info</name>
         <load_address>0x854e</load_address>
         <run_address>0x854e</run_address>
         <size>0x1e3</size>
         <input_file_ref idref="fl-169"/>
      </object_component>
      <object_component id="oc-147">
         <name>.debug_info</name>
         <load_address>0x8731</load_address>
         <run_address>0x8731</run_address>
         <size>0x150</size>
         <input_file_ref idref="fl-a"/>
      </object_component>
      <object_component id="oc-149">
         <name>.debug_info</name>
         <load_address>0x8881</load_address>
         <run_address>0x8881</run_address>
         <size>0x1e2</size>
         <input_file_ref idref="fl-167"/>
      </object_component>
      <object_component id="oc-14c">
         <name>.debug_info</name>
         <load_address>0x8a63</load_address>
         <run_address>0x8a63</run_address>
         <size>0x265</size>
         <input_file_ref idref="fl-169"/>
      </object_component>
      <object_component id="oc-151">
         <name>.debug_info</name>
         <load_address>0x8cc8</load_address>
         <run_address>0x8cc8</run_address>
         <size>0x215</size>
         <input_file_ref idref="fl-169"/>
      </object_component>
      <object_component id="oc-156">
         <name>.debug_info</name>
         <load_address>0x8edd</load_address>
         <run_address>0x8edd</run_address>
         <size>0x10d</size>
         <input_file_ref idref="fl-169"/>
      </object_component>
      <object_component id="oc-15a">
         <name>.debug_info</name>
         <load_address>0x8fea</load_address>
         <run_address>0x8fea</run_address>
         <size>0xff</size>
         <input_file_ref idref="fl-167"/>
      </object_component>
      <object_component id="oc-15d">
         <name>.debug_info</name>
         <load_address>0x90e9</load_address>
         <run_address>0x90e9</run_address>
         <size>0x233</size>
         <input_file_ref idref="fl-166"/>
      </object_component>
      <object_component id="oc-162">
         <name>.debug_info</name>
         <load_address>0x931c</load_address>
         <run_address>0x931c</run_address>
         <size>0x1ab</size>
         <input_file_ref idref="fl-166"/>
      </object_component>
      <object_component id="oc-169">
         <name>.debug_info</name>
         <load_address>0x94c7</load_address>
         <run_address>0x94c7</run_address>
         <size>0x176</size>
         <input_file_ref idref="fl-16a"/>
      </object_component>
      <object_component id="oc-16e">
         <name>.debug_info</name>
         <load_address>0x963d</load_address>
         <run_address>0x963d</run_address>
         <size>0x1c2</size>
         <input_file_ref idref="fl-168"/>
      </object_component>
      <object_component id="oc-170">
         <name>.debug_info</name>
         <load_address>0x97ff</load_address>
         <run_address>0x97ff</run_address>
         <size>0x1ba</size>
         <input_file_ref idref="fl-168"/>
      </object_component>
      <object_component id="oc-174">
         <name>.debug_info</name>
         <load_address>0x99b9</load_address>
         <run_address>0x99b9</run_address>
         <size>0xdf</size>
         <input_file_ref idref="fl-14c"/>
      </object_component>
      <object_component id="oc-178">
         <name>.debug_info</name>
         <load_address>0x9a98</load_address>
         <run_address>0x9a98</run_address>
         <size>0xe8</size>
         <input_file_ref idref="fl-14b"/>
      </object_component>
      <object_component id="oc-17c">
         <name>.debug_info</name>
         <load_address>0x9b80</load_address>
         <run_address>0x9b80</run_address>
         <size>0xdb</size>
         <input_file_ref idref="fl-147"/>
      </object_component>
      <object_component id="oc-180">
         <name>.debug_info</name>
         <load_address>0x9c5b</load_address>
         <run_address>0x9c5b</run_address>
         <size>0xd3</size>
         <input_file_ref idref="fl-7"/>
      </object_component>
      <object_component id="oc-197">
         <name>.debug_info</name>
         <load_address>0x9d2e</load_address>
         <run_address>0x9d2e</run_address>
         <size>0x237</size>
         <input_file_ref idref="fl-151"/>
      </object_component>
      <object_component id="oc-1c2">
         <name>.debug_info</name>
         <load_address>0x9f65</load_address>
         <run_address>0x9f65</run_address>
         <size>0xdd</size>
         <input_file_ref idref="fl-147"/>
      </object_component>
      <object_component id="oc-1c6">
         <name>.debug_info</name>
         <load_address>0xa042</load_address>
         <run_address>0xa042</run_address>
         <size>0xe2</size>
         <input_file_ref idref="fl-6"/>
      </object_component>
      <object_component id="oc-1d7">
         <name>.debug_info</name>
         <load_address>0xa124</load_address>
         <run_address>0xa124</run_address>
         <size>0xcf</size>
         <input_file_ref idref="fl-7"/>
      </object_component>
      <object_component id="oc-1d9">
         <name>.debug_info</name>
         <load_address>0xa1f3</load_address>
         <run_address>0xa1f3</run_address>
         <size>0xd3</size>
         <input_file_ref idref="fl-7"/>
      </object_component>
      <object_component id="oc-1dd">
         <name>.debug_info</name>
         <load_address>0xa2c6</load_address>
         <run_address>0xa2c6</run_address>
         <size>0xd3</size>
         <input_file_ref idref="fl-7"/>
      </object_component>
      <object_component id="oc-1df">
         <name>.debug_info</name>
         <load_address>0xa399</load_address>
         <run_address>0xa399</run_address>
         <size>0xe5</size>
         <input_file_ref idref="fl-7"/>
      </object_component>
      <object_component id="oc-1e5">
         <name>.debug_info</name>
         <load_address>0xa47e</load_address>
         <run_address>0xa47e</run_address>
         <size>0xd5</size>
         <input_file_ref idref="fl-7"/>
      </object_component>
      <object_component id="oc-1eb">
         <name>.debug_info</name>
         <load_address>0xa553</load_address>
         <run_address>0xa553</run_address>
         <size>0xd9</size>
         <input_file_ref idref="fl-7"/>
      </object_component>
      <object_component id="oc-1ee">
         <name>.debug_info</name>
         <load_address>0xa62c</load_address>
         <run_address>0xa62c</run_address>
         <size>0xcf</size>
         <input_file_ref idref="fl-7"/>
      </object_component>
      <object_component id="oc-1f0">
         <name>.debug_info</name>
         <load_address>0xa6fb</load_address>
         <run_address>0xa6fb</run_address>
         <size>0xcf</size>
         <input_file_ref idref="fl-7"/>
      </object_component>
      <object_component id="oc-1f4">
         <name>.debug_info</name>
         <load_address>0xa7ca</load_address>
[...]
      <symbol id="sm-578">
         <name>temp3</name>
         <value>0x20000d36</value>
         <object_component_ref idref="oc-fb"/>
      </symbol>
      <symbol id="sm-579">
         <name>temp4</name>
         <value>0x20000d37</value>
         <object_component_ref idref="oc-fb"/>
      </symbol>
      <symbol id="sm-57a">
         <name>temp5</name>
         <value>0x20000d38</value>
         <object_component_ref idref="oc-fb"/>
      </symbol>
      <symbol id="sm-57b">
         <name>temp6</name>
         <value>0x20000d39</value>
         <object_component_ref idref="oc-fb"/>
      </symbol>
      <symbol id="sm-57c">
         <name>Timer_interrupt_flag_3</name>
         <value>0x20000d18</value>
         <object_component_ref idref="oc-fb"/>
      </symbol>
      <symbol id="sm-57d">
         <name>Timer_interrupt_flag_2</name>
         <value>0x20000d17</value>
         <object_component_ref idref="oc-fb"/>
      </symbol>
      <symbol id="sm-57e">
         <name>Timer_interrupt_flag_4</name>
         <value>0x20000d19</value>
         <object_component_ref idref="oc-fb"/>
      </symbol>
      <symbol id="sm-57f">
         <name>flag</name>
         <value>0x20000d04</value>
         <object_component_ref idref="oc-fb"/>
      </symbol>
      <symbol id="sm-580">
         <name>time</name>
         <value>0x20000d3c</value>
         <object_component_ref idref="oc-fb"/>
      </symbol>
      <symbol id="sm-581">
         <name>sen_offset</name>
         <value>0x20000d40</value>
         <object_component_ref idref="oc-ff"/>
      </symbol>
      <symbol id="sm-582">
         <name>sen_data</name>
         <value>0x20000d80</value>
         <object_component_ref idref="oc-d7"/>
      </symbol>
      <symbol id="sm-5aa">
         <name>Init_Accelerometer</name>
         <value>0x4b8d</value>
         <object_component_ref idref="oc-89"/>
      </symbol>
      <symbol id="sm-5ab">
         <name>Init_Compass</name>
         <value>0x4c13</value>
         <object_component_ref idref="oc-89"/>
      </symbol>
      <symbol id="sm-5ac">
         <name>Init_Gyro</name>
         <value>0x4bc7</value>
         <object_component_ref idref="oc-89"/>
      </symbol>
      <symbol id="sm-5ad">
         <name>I2C_write</name>
         <value>0x4e97</value>
         <object_component_ref idref="oc-89"/>
      </symbol>
      <symbol id="sm-5ae">
         <name>Init_Sensors</name>
         <value>0x4f05</value>
         <object_component_ref idref="oc-89"/>
      </symbol>
      <symbol id="sm-5af">
         <name>I2C_Read_Packet_From_Sensor</name>
         <value>0x4d75</value>
         <object_component_ref idref="oc-89"/>
      </symbol>
      <symbol id="sm-5b0">
         <name>Init_I2C</name>
         <value>0x4c4d</value>
         <object_component_ref idref="oc-89"/>
      </symbol>
      <symbol id="sm-5b1">
         <name>I2C_read_byte</name>
         <value>0x4ce5</value>
         <object_component_ref idref="oc-89"/>
      </symbol>
      <symbol id="sm-5dc">
         <name>Read_Compass</name>
         <value>0x47dd</value>
         <object_component_ref idref="oc-c5"/>
      </symbol>
      <symbol id="sm-5dd">
         <name>Compass_Heading</name>
         <value>0x4947</value>
         <object_component_ref idref="oc-c5"/>
      </symbol>
      <symbol id="sm-5de">
         <name>Calculate_Compass</name>
         <value>0x4a93</value>
         <object_component_ref idref="oc-c5"/>
      </symbol>
      <symbol id="sm-600">
         <name>Calculate_Gyro</name>
         <value>0x5b95</value>
         <object_component_ref idref="oc-ca"/>
      </symbol>
      <symbol id="sm-601">
         <name>Read_Gyro</name>
         <value>0x5a4d</value>
         <object_component_ref idref="oc-ca"/>
      </symbol>
      <symbol id="sm-62a">
         <name>Calculate_Acc</name>
         <value>0x5635</value>
         <object_component_ref idref="oc-c0"/>
      </symbol>
      <symbol id="sm-62b">
         <name>Read_Accelerometer</name>
         <value>0x54e9</value>
         <object_component_ref idref="oc-c0"/>
      </symbol>
      <symbol id="sm-646">
         <name>ResetISR</name>
         <value>0x76bf</value>
         <object_component_ref idref="oc-24"/>
      </symbol>
      <symbol id="sm-647">
         <name>g_pfnVectors</name>
         <value>0x0</value>
         <object_component_ref idref="oc-e"/>
      </symbol>
      <symbol id="sm-681">
         <name>data</name>
         <value>0x200008a4</value>
      </symbol>
      <symbol id="sm-682">
         <name>UART0IntHandler</name>
         <value>0x52a9</value>
         <object_component_ref idref="oc-29"/>
      </symbol>
      <symbol id="sm-683">
         <name>main</name>
         <value>0x5351</value>
         <object_component_ref idref="oc-29"/>
      </symbol>
      <symbol id="sm-684">
         <name>value</name>
         <value>0x20000e44</value>
         <object_component_ref idref="oc-cf"/>
      </symbol>
      <symbol id="sm-685">
         <name>UARTPutn</name>
         <value>0x5219</value>
         <object_component_ref idref="oc-29"/>
      </symbol>
      <symbol id="sm-69c">
         <name>asin</name>
         <value>0x6501</value>
         <object_component_ref idref="oc-20d"/>
      </symbol>
      <symbol id="sm-6b4">
         <name>atan2</name>
         <value>0x661d</value>
         <object_component_ref idref="oc-299"/>
      </symbol>
      <symbol id="sm-6c3">
         <name>_c_int00</name>
         <value>0x7229</value>
         <object_component_ref idref="oc-10"/>
      </symbol>
      <symbol id="sm-6c4">
         <name>__stack</name>
         <value>0x20000e50</value>
         <object_component_ref idref="oc-23"/>
      </symbol>
      <symbol id="sm-6da">
         <name>__TI_decompress_none</name>
         <value>0x7699</value>
         <object_component_ref idref="oc-14"/>
      </symbol>
      <symbol id="sm-6fc">
         <name>__TI_decompress_rle24</name>
         <value>0x7707</value>
         <object_component_ref idref="oc-1e"/>
      </symbol>
      <symbol id="sm-714">
         <name>__TI_zero_init</name>
         <value>0x7687</value>
         <object_component_ref idref="oc-19"/>
      </symbol>
      <symbol id="sm-720">
         <name>cos</name>
         <value>0x75dd</value>
         <object_component_ref idref="oc-212"/>
      </symbol>
      <symbol id="sm-73c">
         <name>C$$EXIT</name>
         <value>0x7341</value>
         <object_component_ref idref="oc-3f"/>
      </symbol>
      <symbol id="sm-73d">
         <name>abort</name>
         <value>0x7345</value>
         <object_component_ref idref="oc-3f"/>
      </symbol>
      <symbol id="sm-73e">
         <name>exit</name>
         <value>0x734d</value>
         <object_component_ref idref="oc-3f"/>
      </symbol>
      <symbol id="sm-73f">
         <name>__TI_dtors_ptr</name>
         <value>0x20000e34</value>
         <object_component_ref idref="oc-115"/>
      </symbol>
      <symbol id="sm-740">
         <name>__TI_cleanup_ptr</name>
         <value>0x20000e30</value>
         <object_component_ref idref="oc-115"/>
      </symbol>
      <symbol id="sm-756">
         <name>__aeabi_dsub</name>
         <value>0x5ca1</value>
         <object_component_ref idref="oc-262"/>
      </symbol>
      <symbol id="sm-757">
         <name>__aeabi_dadd</name>
         <value>0x5cab</value>
         <object_component_ref idref="oc-262"/>
      </symbol>
      <symbol id="sm-777">
         <name>__aeabi_cdcmpeq</name>
         <value>0x6e85</value>
         <object_component_ref idref="oc-17a"/>
      </symbol>
      <symbol id="sm-778">
         <name>__aeabi_cdcmple</name>
         <value>0x6e85</value>
         <object_component_ref idref="oc-17a"/>
      </symbol>
      <symbol id="sm-779">
         <name>__aeabi_cdrcmple</name>
         <value>0x6f0b</value>
         <object_component_ref idref="oc-1bf"/>
      </symbol>
      <symbol id="sm-78c">
         <name>__aeabi_ddiv</name>
         <value>0x6299</value>
         <object_component_ref idref="oc-306"/>
      </symbol>
      <symbol id="sm-796">
         <name>__aeabi_dmul</name>
         <value>0x6959</value>
         <object_component_ref idref="oc-f7"/>
      </symbol>
      <symbol id="sm-79f">
         <name>__aeabi_d2iz</name>
         <value>0x7271</value>
         <object_component_ref idref="oc-ef"/>
      </symbol>
      <symbol id="sm-7a8">
         <name>__aeabi_d2f</name>
         <value>0x7197</value>
         <object_component_ref idref="oc-176"/>
      </symbol>
      <symbol id="sm-7b2">
         <name>__aeabi_f2d</name>
         <value>0x7449</value>
         <object_component_ref idref="oc-172"/>
      </symbol>
      <symbol id="sm-7bb">
         <name>__aeabi_i2d</name>
         <value>0x7519</value>
         <object_component_ref idref="oc-25e"/>
      </symbol>
      <symbol id="sm-7d5">
         <name>memcpy</name>
         <value>0x6d55</value>
         <object_component_ref idref="oc-47"/>
      </symbol>
      <symbol id="sm-7d6">
         <name>__aeabi_memcpy</name>
         <value>0x6d55</value>
         <object_component_ref idref="oc-47"/>
      </symbol>
      <symbol id="sm-7d7">
         <name>__aeabi_memcpy8</name>
         <value>0x6d55</value>
         <object_component_ref idref="oc-47"/>
      </symbol>
      <symbol id="sm-7d8">
         <name>__aeabi_memcpy4</name>
         <value>0x6d55</value>
         <object_component_ref idref="oc-47"/>
      </symbol>
      <symbol id="sm-7e6">
         <name>__aeabi_memset</name>
         <value>0x6f93</value>
         <object_component_ref idref="oc-283"/>
      </symbol>
      <symbol id="sm-7e7">
         <name>memset</name>
         <value>0x6f99</value>
         <object_component_ref idref="oc-283"/>
      </symbol>
      <symbol id="sm-7e8">
         <name>__aeabi_memset8</name>
         <value>0x6f93</value>
         <object_component_ref idref="oc-283"/>
      </symbol>
      <symbol id="sm-7e9">
         <name>__aeabi_memset4</name>
         <value>0x6f93</value>
         <object_component_ref idref="oc-283"/>
      </symbol>
      <symbol id="sm-7ea">
         <name>__aeabi_memclr8</name>
         <value>0x6f91</value>
         <object_component_ref idref="oc-283"/>
      </symbol>
      <symbol id="sm-7eb">
         <name>__aeabi_memclr4</name>
         <value>0x6f91</value>
         <object_component_ref idref="oc-283"/>
      </symbol>
      <symbol id="sm-7ec">
         <name>__aeabi_memclr</name>
         <value>0x6f91</value>
         <object_component_ref idref="oc-283"/>
      </symbol>
      <symbol id="sm-7f8">
         <name>sin</name>
         <value>0x75f7</value>
         <object_component_ref idref="oc-2a5"/>
      </symbol>
      <symbol id="sm-80e">
         <name>sqrt</name>
         <value>0x6151</value>
         <object_component_ref idref="oc-194"/>
      </symbol>
      <symbol id="sm-815">
         <name>main_func_sp</name>
         <value>0x20000e4c</value>
         <object_component_ref idref="oc-44"/>
      </symbol>
      <symbol id="sm-81f">
         <name>__aeabi_ui2d</name>
         <value>0x759f</value>
         <object_component_ref idref="oc-f3"/>
      </symbol>
      <symbol id="sm-83f">
         <name>_Atan</name>
         <value>0x5e59</value>
         <object_component_ref idref="oc-340"/>
      </symbol>
      <symbol id="sm-859">
         <name>_Dscale</name>
         <value>0x6849</value>
         <object_component_ref idref="oc-30a"/>
      </symbol>
      <symbol id="sm-86a">
         <name>_Dtest</name>
         <value>0x7385</value>
         <object_component_ref idref="oc-33b"/>
      </symbol>
      <symbol id="sm-87d">
         <name>_Dunscale</name>
         <value>0x7075</value>
         <object_component_ref idref="oc-301"/>
      </symbol>
      <symbol id="sm-88b">
         <name>_Feraise</name>
         <value>0x74e9</value>
         <object_component_ref idref="oc-30f"/>
      </symbol>
      <symbol id="sm-8c1">
         <name>_Sin</name>
         <value>0x57a5</value>
         <object_component_ref idref="oc-347"/>
      </symbol>
      <symbol id="sm-8d0">
         <name>_Rteps</name>
         <value>0x20000ce0</value>
         <object_component_ref idref="oc-314"/>
      </symbol>
      <symbol id="sm-8d1">
         <name>_Zero</name>
         <value>0x20000cf8</value>
         <object_component_ref idref="oc-314"/>
      </symbol>
      <symbol id="sm-8d2">
         <name>_Hugeval</name>
         <value>0x20000ca0</value>
         <object_component_ref idref="oc-314"/>
      </symbol>
      <symbol id="sm-8d3">
         <name>_Snan</name>
         <value>0x20000cd0</value>
         <object_component_ref idref="oc-314"/>
      </symbol>
      <symbol id="sm-8d4">
         <name>_Nan</name>
         <value>0x20000cc0</value>
         <object_component_ref idref="oc-314"/>
      </symbol>
      <symbol id="sm-8d5">
         <name>_Inf</name>
         <value>0x20000cb0</value>
         <object_component_ref idref="oc-314"/>
      </symbol>
      <symbol id="sm-8d6">
         <name>_Xbig</name>
         <value>0x20000cf0</value>
         <object_component_ref idref="oc-314"/>
      </symbol>
      <symbol id="sm-8d7">
         <name>_Eps</name>
         <value>0x20000c90</value>
         <object_component_ref idref="oc-314"/>
      </symbol>
      <symbol id="sm-8d8">
         <name>_Denorm</name>
         <value>0x20000c80</value>
         <object_component_ref idref="oc-314"/>
      </symbol>
      <symbol id="sm-8ee">
         <name>_nop</name>
         <value>0x764b</value>
         <object_component_ref idref="oc-2da"/>
      </symbol>
      <symbol id="sm-8ef">
         <name>_lock</name>
         <value>0x20000e28</value>
         <object_component_ref idref="oc-113"/>
      </symbol>
      <symbol id="sm-8f0">
         <name>_unlock</name>
         <value>0x20000e2c</value>
         <object_component_ref idref="oc-113"/>
      </symbol>
      <symbol id="sm-8f1">
         <name>_register_lock</name>
         <value>0x7643</value>
         <object_component_ref idref="oc-2da"/>
      </symbol>
      <symbol id="sm-8f2">
         <name>_register_unlock</name>
         <value>0x763d</value>
         <object_component_ref idref="oc-2da"/>
      </symbol>
      <symbol id="sm-905">
         <name>_args_main</name>
         <value>0x7611</value>
         <object_component_ref idref="oc-3a"/>
      </symbol>
      <symbol id="sm-921">
         <name>__TI_auto_init</name>
         <value>0x6df1</value>
         <object_component_ref idref="oc-36"/>
      </symbol>
      <symbol id="sm-939">
         <name>copy_in</name>
         <value>0x72fd</value>
         <object_component_ref idref="oc-10b"/>
      </symbol>
      <symbol id="sm-940">
         <name>_Errno</name>
         <value>0x20000e48</value>
         <object_component_ref idref="oc-396"/>
      </symbol>
      <symbol id="sm-95b">
         <name>feraiseexcept</name>
         <value>0x74b5</value>
         <object_component_ref idref="oc-391"/>
      </symbol>
      <symbol id="sm-95c">
         <name>_Tls_setup__Fenv</name>
         <value>0x20000e3c</value>
         <object_component_ref idref="oc-3d1"/>
      </symbol>
      <symbol id="sm-95d">
         <name>_Fenv</name>
         <value>0x20000e38</value>
         <object_component_ref idref="oc-3d1"/>
      </symbol>
      <symbol id="sm-97c">
         <name>fmod</name>
         <value>0x5fe5</value>
         <object_component_ref idref="oc-3a8"/>
      </symbol>
      <symbol id="sm-98f">
         <name>raise</name>
         <value>0x7547</value>
         <object_component_ref idref="oc-3cc"/>
      </symbol>
      <symbol id="sm-9a7">
         <name>signal</name>
         <value>0x7409</value>
         <object_component_ref idref="oc-3e5"/>
      </symbol>
      <symbol id="sm-9bb">
         <name>_Dnorm</name>
         <value>0x6b25</value>
         <object_component_ref idref="oc-387"/>
      </symbol>
      <symbol id="sm-a15">
         <name>UARTConfigSetExpClk</name>
         <value>0x73c9</value>
         <object_component_ref idref="oc-a7"/>
      </symbol>
      <symbol id="sm-a16">
         <name>UARTDisable</name>
         <value>0x75c1</value>
         <object_component_ref idref="oc-15c"/>
      </symbol>
      <symbol id="sm-a17">
         <name>UARTIntEnable</name>
         <value>0x76f3</value>
         <object_component_ref idref="oc-b6"/>
      </symbol>
      <symbol id="sm-a18">
         <name>UARTCharsAvail</name>
         <value>0x76b3</value>
         <object_component_ref idref="oc-7a"/>
      </symbol>
      <symbol id="sm-a19">
         <name>UARTCharPut</name>
         <value>0x76df</value>
         <object_component_ref idref="oc-66"/>
      </symbol>
      <symbol id="sm-a1a">
         <name>UARTEnable</name>
         <value>0x7629</value>
         <object_component_ref idref="oc-161"/>
      </symbol>
      <symbol id="sm-a1b">
         <name>UARTIntClear</name>
         <value>0x770d</value>
         <object_component_ref idref="oc-75"/>
      </symbol>
      <symbol id="sm-a1c">
         <name>UARTIntStatus</name>
         <value>0x76e9</value>
         <object_component_ref idref="oc-70"/>
      </symbol>
      <symbol id="sm-a1d">
         <name>UARTCharGet</name>
         <value>0x76d5</value>
         <object_component_ref idref="oc-7f"/>
      </symbol>
      <symbol id="sm-a47">
         <name>SysCtlDelay</name>
         <value>0x7701</value>
         <object_component_ref idref="oc-140"/>
      </symbol>
      <symbol id="sm-a48">
         <name>SysCtlPeripheralEnable</name>
         <value>0x7481</value>
         <object_component_ref idref="oc-8e"/>
      </symbol>
      <symbol id="sm-a49">
         <name>SysCtlClockGet</name>
         <value>0x6ca1</value>
         <object_component_ref idref="oc-a2"/>
      </symbol>
      <symbol id="sm-a74">
         <name>IntEnable</name>
         <value>0x70d9</value>
         <object_component_ref idref="oc-b1"/>
      </symbol>
      <symbol id="sm-a75">
         <name>IntMasterEnable</name>
         <value>0x76cb</value>
         <object_component_ref idref="oc-ac"/>
      </symbol>
      <symbol id="sm-ab5">
         <name>GPIOPinConfigure</name>
         <value>0x71e1</value>
         <object_component_ref idref="oc-98"/>
      </symbol>
      <symbol id="sm-ab6">
         <name>GPIOPinTypeI2CSCL</name>
         <value>0x7663</value>
         <object_component_ref idref="oc-141"/>
      </symbol>
      <symbol id="sm-ab7">
         <name>GPIOPinTypeUART</name>
         <value>0x7675</value>
         <object_component_ref idref="oc-9d"/>
      </symbol>
      <symbol id="sm-ab8">
         <name>GPIOPinTypeGPIOOutput</name>
         <value>0x7651</value>
         <object_component_ref idref="oc-93"/>
      </symbol>
      <symbol id="sm-ab9">
         <name>GPIODirModeSet</name>
         <value>0x7575</value>
         <object_component_ref idref="oc-14f"/>
      </symbol>
      <symbol id="sm-aba">
         <name>GPIOPinWrite</name>
         <value>0x76fb</value>
         <object_component_ref idref="oc-6b"/>
      </symbol>
      <symbol id="sm-abb">
         <name>GPIOPadConfigSet</name>
         <value>0x6be9</value>
         <object_component_ref idref="oc-14a"/>
      </symbol>
      <symbol id="sm-ac4">
         <name>CPUcpsie</name>
         <value>0x76a7</value>
         <object_component_ref idref="oc-167"/>
      </symbol>
      <symbol id="sm-ac5">
         <name>__TI_static_base__</name>
         <value>0x0</value>
      </symbol>
      <symbol id="sm-ac6">
         <name>__TI_args_main</name>
         <value>0x1</value>
      </symbol>
      <symbol id="sm-ac7">
         <name>SHT$$INIT_ARRAY$$Limit</name>
         <value>0x0</value>
      </symbol>
      <symbol id="sm-ac8">
         <name>SHT$$INIT_ARRAY$$Base</name>
         <value>0x0</value>
      </symbol>
   </symbol_table>
   <title>Link successful</title>
</link_info>
